// Proyecto Shadows Mame Plus (Metal Slug Forever Special Edition Final)
// copyright-holders:Gaston90
/******************************************************************************

    List of all enabled drivers in the system.

******************************************************************************/

@source:neogeo.cpp
neogeo            // Bios MVS
ms5pcb            // SNK Playmore
ms4plus           // Bootleg
ms5plus           // Bootleg
mslug             // Nazca
mslug2            // SNK
mslug3            // SNK
mslug3a           // SNK
mslug3h           // SNK
mslug3b6          // Bootleg
mslug4            // Mega / Playmore
mslug4h           // Mega / Playmore
mslug5            // SNK Playmore
mslug5h           // SNK Playmore
mslug5b           // Neogeo
mslugx            // SNK

@source:neogeo.cpp
msluge            // Nazca
msboot            // Bootleg
mslughc01         // Hack
mslughc02         // Hack
mslughc03         // Hack
mslughc04         // Hack
mslughc05         // Hack
mslughc06         // Hack
mslughc07         // Hack
mslughc08         // Hack
mslughc09         // Hack
mslughc10         // Hack
mslughc11         // Hack
msluger01         // Hack
mslugla01         // Hack
mslugrma01        // Hack

@source:neogeo.cpp
mslug2t           // SNK
mslug2hc01        // Hack
mslug2hc02        // Hack
mslug2hc03        // Hack
mslug2hc04        // Hack
mslug2hc05        // Hack
mslug2hc06        // Hack
mslug2hc07        // Hack
mslug2hc08        // Hack
mslug2hc09        // Hack
mslug2hc10        // Hack
mslug2hc11        // Hack
mslug2hc12        // Hack
mslug2hc13        // Hack
mslug2hc14        // Hack
mslug2hc15        // Hack
mslug2dw01        // Hack [Doesn't Work]
mslug2er01        // Hack
mslug2er02        // Hack
mslug2er03        // Hack
mslug2at01        // Hack
mslug2la01        // Hack
mslug2la02        // Hack
mslug2la03        // Hack
mslug2la04        // Hack
mslug2la05        // Hack
mslug2lb01        // Hack
mslug2lb02        // Hack
mslug2lb03        // Hack
mslug2lb04        // Hack
mslug2lb05        // Hack
mslug2rma01       // Hack
mslug2rma02       // Hack
mslug2rma03       // Hack
mslug2rma04       // Hack
mslug2rma05       // Hack
mslug2rmb01       // Hack
mslug2rmb02       // Hack
mslug2rmb03       // Hack
mslug2rmb04       // Hack
mslug2rmb05       // Hack

@source:neogeo.cpp
mslug3d           // SNK
mslug3hd          // SNK
mslug3nd          // SNK
mslug3b6d         // bootleg
mslug3b6de        // bootleg (Predecrypted)
mslug3hc01        // Hack
mslug3hc02        // Hack
mslug3hc03        // Hack
mslug3hc04        // Hack
mslug3hc05        // Hack
mslug3hc06        // Hack
mslug3hc07        // Hack
mslug3hc08        // Hack
mslug3hc09        // Hack
mslug3hc10        // Hack
mslug3hc11        // Hack
mslug3hc12        // Hack
mslug3hc13        // Hack
mslug3hc14        // Hack
mslug3hc15        // Hack
mslug3hc16        // Hack
mslug3hc17        // Hack
mslug3hc18        // Hack
mslug3hc19        // Hack
mslug3hc20        // Hack
mslug3hc21        // Hack
mslug3hc22        // Hack
mslug3hc23        // Hack
mslug3hc24        // Hack
mslug3hc25        // Hack
mslug3hc26        // Hack
mslug3hc27        // Hack
mslug3hc28        // Hack
mslug3hc29        // Hack
mslug3hc30        // Hack
mslug3dw01        // Hack [Doesn't Work]
mslug3b6hc01      // Hack
mslug3b6hc02      // Hack
mslug3b6hc03      // Hack
mslug3b6hc04      // Hack
mslug3b6hc05      // Hack
mslug3er01        // Hack
mslug3er02        // Hack
mslug3er03        // Hack
mslug3er04        // Hack
mslug3er05        // Hack
mslug3er06        // Hack
mslug3er07        // Hack
mslug3ly01        // Hack [It is in testing, because it will crash if you do not apply the Invincibility cheat]
mslug3ly02        // Hack [It is in testing, because it will crash if you do not apply the Invincibility cheat]
mslug3ly03        // Hack [It is in testing, because it will crash if you do not apply the Invincibility cheat]
mslug3ly04        // Hack [It is in testing, because it will crash if you do not apply the Invincibility cheat]
mslug3ly05        // Hack [It is in testing, because it will crash if you do not apply the Invincibility cheat]
mslug3ly06        // Hack [It is in testing, because it will crash if you do not apply the Invincibility cheat]
mslug3ly07        // Hack [It is in testing, because it will crash if you do not apply the Invincibility cheat]
mslug3la01        // Hack
mslug3la02        // Hack
mslug3la03        // Hack
mslug3la04        // Hack
mslug3la05        // Hack
mslug3lb01        // Hack
mslug3lb02        // Hack
mslug3lb03        // Hack
mslug3lb04        // Hack
mslug3lb05        // Hack
mslug3lc01        // Hack
mslug3lc02        // Hack
mslug3lc03        // Hack
mslug3lc04        // Hack
mslug3lc05        // Hack
mslug3ld01        // Hack
mslug3ld02        // Hack
mslug3ld03        // Hack
mslug3ld04        // Hack
mslug3ld05        // Hack
mslug3le01        // Hack
mslug3le02        // Hack
mslug3le03        // Hack
mslug3le04        // Hack
mslug3le05        // Hack
mslug3lf01        // Hack
mslug3lf02        // Hack
mslug3lf03        // Hack
mslug3lf04        // Hack
mslug3lf05        // Hack
mslug3lg01        // Hack
mslug3lg02        // Hack
mslug3lg03        // Hack
mslug3lg04        // Hack
mslug3lg05        // Hack
mslug3lh01        // Hack
mslug3lh02        // Hack
mslug3lh03        // Hack
mslug3lh04        // Hack
mslug3lh05        // Hack
mslug3li01        // Hack
mslug3li02        // Hack
mslug3rma01       // Hack
mslug3rma02       // Hack
mslug3rma03       // Hack
mslug3rma04       // Hack
mslug3rmb01       // Hack
mslug3rmb02       // Hack
mslug3rmb03       // Hack
mslug3rmb04       // Hack
mslug3rmc01       // Hack
mslug3rmc02       // Hack
mslug3rmc03       // Hack
mslug3rmc04       // Hack
mslug3rmd01       // Hack
mslug3rmd02       // Hack
mslug3rmd03       // Hack
mslug3rmd04       // Hack
mslug3rme01       // Hack
mslug3rme02       // Hack
mslug3rme03       // Hack
mslug3rme04       // Hack
mslug3rmf01       // Hack
mslug3rmf02       // Hack
mslug3rmf03       // Hack
mslug3rmf04       // Hack
mslug3rmg01       // Hack
mslug3rmg02       // Hack
mslug3rmg03       // Hack
mslug3rmg04       // Hack
mslug3rmh01       // Hack
mslug3rmh02       // Hack
mslug3rmh03       // Hack
mslug3rmh04       // Hack
mslug3rmi01       // Hack
mslug3rmi02       // Hack

@source:neogeo.cpp
ms4plusd          // Bootleg
ms4plusde         // Bootleg (Predecrypted)
ms4boot           // Bootleg
mslug4d           // Mega / Playmore
mslug4e           // Mega / Playmore (Predecrypted)
mslug4hd          // Mega / Playmore
mslug4nd          // Mega / Playmore
mslug4nde         // Mega / Playmore (Predecrypted)
mslug4hc01        // Hack
mslug4hc02        // Hack
mslug4hc03        // Hack
mslug4hc04        // Hack
mslug4hc05        // Hack
mslug4hc06        // Hack
mslug4hc07        // Hack
mslug4hc08        // Hack
mslug4hc09        // Hack
mslug4hc10        // Hack
mslug4hc11        // Hack
mslug4hc12        // Hack
mslug4hc13        // Hack
mslug4hc14        // Hack
mslug4hc15        // Hack
mslug4hc16        // Hack
mslug4hc17        // Hack
mslug4er01        // Hack
mslug4er02        // Hack
mslug4la01        // Hack
mslug4la02        // Hack
mslug4la03        // Hack
mslug4la04        // Hack
mslug4lb01        // Hack
mslug4lb02        // Hack
mslug4lb03        // Hack
mslug4lb04        // Hack
mslug4lc01        // Hack
mslug4lc02        // Hack
mslug4lc03        // Hack
mslug4lc04        // Hack
mslug4ld01        // Hack
mslug4ld02        // Hack
mslug4ld03        // Hack
mslug4ld04        // Hack
mslug4rma01       // Hack
mslug4rmb01       // Hack
mslug4rmc01       // Hack
mslug4rmd01       // Hack
mslug4rme01       // Hack

@source:neogeo.cpp
ms5boot           // Bootleg
ms5pcbd           // SNK Playmore
ms5plusd          // Bootleg
ms5plusde         // Bootleg (Predecrypted)
ms5plusc          // Bootleg
mslug5d           // SNK Playmore
mslug5e           // SNK Playmore (Predecrypted)
mslug5de          // SNK Playmore (Predecrypted)
mslug5hd          // SNK Playmore
mslug5n           // SNK Playmore
mslug5ne          // SNK Playmore
mslug5nep         // SNK Playmore (Predecrypted)
mslug5nd          // SNK Playmore
mslug5nde         // SNK Playmore (Predecrypted)
mslug5b1          // Bootleg
mslug5b2          // Bootleg
mslug5hc01        // Hack
mslug5hc02        // Hack
mslug5hc03        // Hack
mslug5hc04        // Hack
mslug5hc05        // Hack
mslug5hc06        // Hack
mslug5hc07        // Hack
mslug5hc08        // Hack
mslug5hc09        // Hack
mslug5hc10        // Hack
mslug5hc11        // Hack
mslug5hc12        // Hack
mslug5hc13        // Hack
mslug5hc14        // Hack
mslug5hc15        // Hack
mslug5hc16        // Hack
mslug5hc17        // Hack
mslug5hc18        // Hack
mslug5hc19        // Hack
mslug5hc20        // Hack
mslug5hc21        // Hack
mslug5hc22        // Hack
mslug5hc23
mslug5la01        // Hack
mslug5lb01        // Hack
mslug5lc01        // Hack
mslug5rma01       // Hack
mslug5rmb01       // Hack
mslug5rmc01       // Hack
mslug5rmd01       // Hack
mslug5rme01       // Hack
mslug5rmf01       // Hack

@source:neogeo.cpp
mslugxe
mslugxhc01        // Hack
mslugxhc02        // Hack
mslugxhc03        // Hack
mslugxhc04        // Hack
mslugxhc05        // Hack
mslugxhc06        // Hack
mslugxhc07        // Hack
mslugxhc08        // Hack
mslugxhc09        // Hack
mslugxhc10        // Hack
mslugxhc11        // Hack
mslugxhc12        // Hack
mslugxhc13        // Hack
mslugxhc14        // Hack
mslugxhc15        // Hack
mslugxhc16        // Hack
mslugxhc17        // Hack
mslugxhc18        // Hack
mslugxhc19        // Hack
mslugxhc20        // Hack
mslugxhc21        // Hack
mslugxhc22        // Hack
mslugxhc23        // Hack
mslugxhc24        // Hack
mslugxhc25        // Hack
mslugxer01        // Hack
mslugxer02        // Hack
mslugxer03        // Hack
mslugxer04        // Hack
mslugxer05        // Hack
mslugxer06        // Hack
mslugxer07        // Hack
mslugxesp01       // Hack
mslugxesp02       // Hack
mslugxesp03       // Hack
mslugxesp04       // Hack
mslugxesp05       // Hack
mslugxesp06       // Hack
mslugxesp07       // Hack
mslugxtst01       // Hack
mslugxtao01       // Hack
mslugxat01        // Hack
mslugxat02        // Hack
mslugxat03        // Hack
mslugxat04        // Hack
mslugxat05        // Hack
mslugxat06        // Hack
mslugxat07        // Hack
mslugxat08        // Hack
mslugxat09        // Hack
mslugxat10        // Hack
mslugxla01        // Hack
mslugxla02        // Hack
mslugxla03        // Hack
mslugxlb01        // Hack
mslugxlb02        // Hack
mslugxlb03        // Hack
mslugxlc01        // Hack
mslugxlc02        // Hack
mslugxlc03        // Hack
mslugxld01        // Hack
mslugxld02        // Hack
mslugxld03        // Hack
mslugxle01        // Hack
mslugxle02        // Hack
mslugxle03        // Hack
mslugxlf01        // Hack
mslugxlf02        // Hack
mslugxlf03        // Hack
mslugxlg01        // Hack
mslugxlg02        // Hack
mslugxlg03        // Hack
mslugxlh01        // Hack
mslugxlh02        // Hack
mslugxlh03        // Hack
mslugxrma01       // Hack
mslugxrma02       // Hack
mslugxrma03       // Hack
mslugxrmb01       // Hack
mslugxrmb02       // Hack
mslugxrmb03       // Hack
mslugxrmc01       // Hack
mslugxrmc02       // Hack
mslugxrmc03       // Hack
mslugxrmd01       // Hack
mslugxrmd02       // Hack
mslugxrmd03       // Hack
mslugxrme01       // Hack
mslugxrme02       // Hack
mslugxrme03       // Hack
mslugxrmf01       // Hack
mslugxrmf02       // Hack
mslugxrmf03       // Hack
mslugxrmg01       // Hack
mslugxrmg02       // Hack
mslugxrmg03       // Hack
mslugxrmh01       // Hack
mslugxrmh02       // Hack
mslugxrmh03       // Hack

@source:neogeo.cpp
mslughz           //HomeBrew 
neopang           //HomeBrew
