// Proyecto Shadows Mame Build Plus
// copyright-holders:Gaston90
/******************************************************************************

    List of all enabled drivers in the system.

******************************************************************************/

@source:neogeo.cpp
// These are the parents of our hacks
neogeo
ms5pcb 
ms4plus
ms5plus
mslug
mslug2
mslugx
mslug3
mslug3h
mslug3b6
mslug4
mslug4h
mslug5
mslug5h

@source:mslug.cpp
msluge
msboot
mslughacks01
mslughacks02
mslughacks03
mslughacks04
mslughacks05
mslughacks06
mslughacks07
mslughacks08
mslugla01
mslugrmxe0s01

@source:mslug2.cpp
mslug2hacks01
mslug2hacks02
mslug2hacks03
mslug2hacks04
mslug2hacks05
mslug2hacks06
mslug2hacks07
mslug2hacks08
mslug2hacks09
mslug2hacks10
mslug2hacks11
mslug2hacks12
mslug2hacks13
mslug2hacks14
mslug2hacks15
mslug2hacks16
mslug2hacks17
mslug2hacks18
//mslug2hacks19
mslug2hacks20
mslug2at01
mslug2la01
mslug2la02
mslug2la03
mslug2la04
mslug2la05
mslug2lb01
mslug2lb02
mslug2lb03
mslug2lb04
mslug2lb05
mslug2rmxe0s01
mslug2rmxe0s02
mslug2rmxe0s03
mslug2rmxe0s04
mslug2rmxe0s05
mslug2rmxe1s01
mslug2rmxe1s02
mslug2rmxe1s03
mslug2rmxe1s04
mslug2rmxe1s05

@source:mslug3.cpp
mslug3d
mslug3nd
mslug3hacks01
mslug3hacks02
mslug3hacks03
mslug3hacks04
mslug3hacks05
mslug3hacks06
mslug3hacks07
mslug3hacks08
mslug3hacks09
mslug3hacks10
mslug3hacks11
mslug3hacks12
mslug3hacks13
mslug3hacks14
mslug3hacks15
mslug3hacks16
mslug3hacks17
mslug3hacks18
mslug3hacks19
mslug3hacks20
mslug3hacks21
mslug3hacks22
//mslug3hacks23
mslug3hacks24
mslug3hacks25
mslug3hacks26
mslug3hacks27
mslug3hacks28
mslug3hacks29
mslug3hacks30
mslug3hacks31
mslug3hacks32
mslug6hacks01
mslug6hacks02
mslug6hacks03
mslug6hacks04
mslug6hacks05
//mslug3at01 //Disabled 
//mslug3at02 //Disabled
mslug3la01
mslug3la02
mslug3la03
mslug3la04
mslug3la05
mslug3lb01
mslug3lb02
mslug3lb03
mslug3lb04
mslug3lb05
mslug3lc01
mslug3lc02
mslug3lc03
mslug3lc04
mslug3lc05
mslug3ld01
mslug3ld02
mslug3ld03
mslug3ld04
mslug3ld05
mslug3le01
mslug3le02
mslug3le03
mslug3le04
mslug3le05
mslug3lf01
mslug3lf02
mslug3lf03
mslug3lf04
mslug3lf05
mslug3lg01
mslug3lg02
mslug3lg03
mslug3lg04
mslug3lg05
mslug3lh01
mslug3lh02
mslug3lh03
mslug3lh04
mslug3lh05
mslug3li01
mslug3li02
mslug3rmxe0s01
mslug3rmxe0s02
mslug3rmxe0s03
mslug3rmxe0s04
mslug3rmxe1s01
mslug3rmxe1s02
mslug3rmxe1s03
mslug3rmxe1s04
mslug3rmxe2s01
mslug3rmxe2s02
mslug3rmxe2s03
mslug3rmxe2s04
mslug3rmxe3s01
mslug3rmxe3s02
mslug3rmxe3s03
mslug3rmxe3s04
mslug3rmxe4s01
mslug3rmxe4s02
mslug3rmxe4s03
mslug3rmxe4s04
mslug3rmxe5s01
mslug3rmxe5s02
mslug3rmxe5s03
mslug3rmxe5s04
mslug3rmxe6s01
mslug3rmxe6s02
mslug3rmxe6s03
mslug3rmxe6s04
mslug3rmxe7s01
mslug3rmxe7s02
mslug3rmxe7s03
mslug3rmxe7s04
mslug3rmxe8s01
mslug3rmxe8s02


@source:mslug4.cpp
mslug4d
mslug4nd
mslug4dd
mslug4hacks01
mslug4hacks02
mslug4hacks03
mslug4hacks04
mslug4hacks05
mslug4hacks06
mslug4hacks07
mslug4hacks08
//mslug4hacks09
mslug4hacks10
mslug4hacks11
mslug4hacks12
mslug4hacks13
mslug4hacks14
//mslug4hacks15 //Crashea
mslug4hacks16
mslug4hacks17
mslug4hacks18
mslug4hacks19
mslug4la01
mslug4la02
mslug4la03
mslug4la04
mslug4lb01
mslug4lb02
mslug4lb03
mslug4lb04
mslug4lc01
mslug4lc02
mslug4lc03
mslug4lc04
mslug4ld01
mslug4ld02
mslug4ld03
mslug4ld04
mslug4rmxe0s01
mslug4rmxe1s01
mslug4rmxe2s01
mslug4rmxe3s01
mslug4rmxe4s01

@source:mslug5.cpp
ms5boot
ms5pcbd
mslug5nd
mslug5d
mslug5d1
mslug5b
ms5plusd
mslug5n
mslug5ba
mslug5n2
mslug5hd
mslug5b2
ms5plusc
mslug5hacks01
mslug5hacks02
mslug5hacks03
mslug5hacks04
//mslug5hacks05 //repeated 
mslug5hacks06
mslug5hacks07
mslug5hacks08
mslug5hacks09
mslug5hacks10
mslug5hacks11
mslug5hacks12
mslug5hacks13
mslug5hacks14
mslug5hacks15
mslug5hacks16
mslug5hacks17
mslug5hacks18
mslug5hacks19
mslug5hacks20
mslug5hacks21
mslug5hacks22
mslug5hacks23
mslug5hacks24
mslug5hacks25
mslug5hacks26
mslug5la01
mslug5lb01
mslug5lc01
mslug5rmxe0s01
mslug5rmxe1s01
mslug5rmxe2s01
mslug5rmxe3s01
mslug5rmxe4s01
mslug5rmxe5s01

@source:mslugx.cpp
mslugxhacks01
mslugxhacks02
mslugxhacks03
mslugxhacks04
mslugxhacks05
mslugxhacks06
mslugxhacks07
mslugxhacks08
mslugxhacks09
mslugxhacks10
mslugxhacks11
mslugxhacks12
mslugxhacks13
mslugxhacks14
mslugxhacks15
mslugxhacks16
mslugxhacks17
mslugxhacks18
mslugxhacks19
//mslugxhacks20
//mslugxhacks21
mslugxhacks22
mslugxhacks23
mslugxhacks24
mslugxhacks25
mslugxhacks26
mslugxhacks27
mslugxhacks28
mslugxhacks29
mslugxhacks30
mslugxhacks31
mslugxhacks32
mslugxtst01
mslugxtao01
mslugxat01
mslugxat02
mslugxat03
mslugxat04
mslugxat05
mslugxat06
mslugxat07
mslugxat08
mslugxat09
mslugxla01
mslugxla02
mslugxla03
mslugxlb01
mslugxlb02
mslugxlb03
mslugxlc01
mslugxlc02
mslugxlc03
mslugxld01
mslugxld02
mslugxld03
mslugxle01
mslugxle02
mslugxle03
mslugxlf01
mslugxlf02
mslugxlf03
mslugxlg01
mslugxlg02
mslugxlg03
mslugxlh01
mslugxlh02
mslugxlh03
mslugxrmxe0s01
mslugxrmxe0s02
mslugxrmxe0s03
mslugxrmxe1s01
mslugxrmxe1s02
mslugxrmxe1s03
mslugxrmxe2s01
mslugxrmxe2s02
mslugxrmxe2s03
mslugxrmxe3s01
mslugxrmxe3s02
mslugxrmxe3s03
mslugxrmxe4s01
mslugxrmxe4s02
mslugxrmxe4s03
mslugxrmxe5s01
mslugxrmxe5s02
mslugxrmxe5s03
mslugxrmxe6s01
mslugxrmxe6s02
mslugxrmxe6s03
mslugxrmxe7s01
mslugxrmxe7s02
mslugxrmxe7s03
