// Proyecto Shadows Mame Build Plus
// copyright-holders:Gaston90
/******************************************************************************

    List of all enabled drivers in the system.

******************************************************************************/

@source:neogeo.cpp
// These are the parents of our hacks
neogeo
ms5pcb 
ms4plus
ms5plus
mslug
msluge
mslug2
mslugx
mslug3
mslug3h
mslug3b6
mslug4
mslug4h
mslug5
mslug5h

@source:mslug.cpp
msluge
msboot
mslughacks01
mslughacks02
mslughacks03
mslughacks04
mslughacks05
mslughacks06
mslughacks07
mslughacks08
mslughp01
mslugrmxe0s01
mslugrmxe1s01

@source:mslug2.cpp
mslug2hacks01
mslug2hacks02
mslug2hacks03
mslug2hacks04
mslug2hacks05
mslug2hacks06
mslug2hacks07
mslug2hacks08
mslug2hacks09
mslug2hacks10
mslug2hacks11
mslug2hacks12
mslug2hacks13
mslug2hacks14
mslug2hacks15
mslug2hacks16
mslug2hacks17
mslug2hacks18
mslug2hacks19
mslug2hacks20
mslug2hacks21
mslug2hacks22
mslug2hacks23
mslug2hacks24
mslug2erv01
mslug2erv02
mslug2erv03
mslug2erv04
mslug2erv05
mslug2erv06
mslug2tub01
mslug2tub02
mslug2tub03
mslug2tub04
mslug2tub05
mslug2rmxe0s01
mslug2rmxe0s02
mslug2rmxe0s03
mslug2rmxe0s04
mslug2rmxe1s01
mslug2rmxe1s02
mslug2rmxe2s01
mslug2rmxe2s02
mslug2rmxe3s01
mslug2rmxe3s02
mslug2rmxe4s01
mslug2rmxe4s02
mslug2rmxe5s01
mslug2rmxe5s02
mslug2rmxe6s01
mslug2rmxe6s02

@source:mslug3.cpp
mslug3d
mslug3nd
mslug3hacks01
mslug3hacks02
mslug3hacks03
mslug3hacks04
mslug3hacks05
mslug3hacks06
mslug3hacks07
mslug3hacks08
mslug3hacks09
mslug3hacks10
mslug3hacks11
mslug3hacks12
mslug3hacks13
mslug3hacks14
mslug3hacks15
mslug3hacks16
mslug3hacks17
mslug3hacks18
mslug3hacks19
mslug3hacks20
mslug3hacks21
mslug3hacks22
mslug3hacks23
mslug3hacks24
mslug3hacks25
mslug3hacks26
mslug3hacks27
mslug3hacks28
mslug3hacks29
mslug3hacks30
mslug3hacks31
mslug3hacks32
mslug3hacks33
mslug3hacks34
mslug3hacks35
mslug3hacks36
mslug3hacks37
mslug3hacks38
mslug3hacks39
mslug3hacks40
mslug3hacks41
mslug3hacks42
mslug3hacks43
mslug3hacks44
mslug3hacks45
mslug3hacks46
mslug3hacks47
mslug3hacks48
mslug3hacks49
mslug6hacks01
mslug6hacks02
mslug6hacks03
mslug6hacks04
mslug6hacks05
mslug6hacks06
mslug6hacks07
mslug6hacks08
mslug3z01
mslug3z02
mslug3ern01
mslug3ern02
mslug3ern03
mslug3ern04
mslug3ern05
mslug3ern06
mslug3ern07
mslug3ern08
mslug3ern09
mslug3ern10
mslug3ern11
mslug3ern12
mslug3esra01
mslug3esra02
mslug3esra03
mslug3esra04
mslug3esra05
mslug3esra06
mslug3esra07
mslug3esra08
mslug3esra09
mslug3esra10
mslug3esra11
mslug3esra12
mslug3esrb01
mslug3esrb02
mslug3esrb03
mslug3esrb04
mslug3esrb05
mslug3esrb06
mslug3esrb07
mslug3esrb08
mslug3esrb09
mslug3esrb10
mslug3esrb11
mslug3esrb12
mslug3esrc01
mslug3esrc02
mslug3esrc03
mslug3esrc04
mslug3esrc05
mslug3esrc06
mslug3esrc07
mslug3esrc08
mslug3esrc09
mslug3esrc10
mslug3esrc11
mslug3esrc12
mslug3esrd01
mslug3esrd02
mslug3esrd03
mslug3esrd04
mslug3esrd05
mslug3esrd06
mslug3esrd07
mslug3esrd08
mslug3esrd09
mslug3esrd10
mslug3esrd11
mslug3esrd12
mslug3la01
mslug3la02
mslug3la03
mslug3la04
mslug3la05
mslug3la06
mslug3lb01
mslug3lb02
mslug3lb03
mslug3lb04
mslug3lb05
mslug3lb06
mslug3lc01
mslug3lc02
mslug3lc03
mslug3lc04
mslug3lc05
mslug3rmxe0s01
mslug3rmxe0s02
mslug3rmxe0s03
mslug3rmxe0s04
mslug3rmxe0s05
mslug3rmxe0s06
mslug3rmxe1s01
mslug3rmxe1s02
mslug3rmxe1s03
mslug3rmxe1s04
mslug3rmxe1s05
mslug3rmxe1s06
mslug3rmxe2s01
mslug3rmxe2s02
mslug3rmxe2s03
mslug3rmxe2s04
mslug3rmxe2s05
mslug3rmxe2s06
mslug3rmxe3s01
mslug3rmxe3s02
mslug3rmxe3s03
mslug3rmxe3s04
mslug3rmxe3s05
mslug3rmxe3s06
mslug3rmxe4s01
mslug3rmxe4s02
mslug3rmxe4s03
mslug3rmxe4s04
mslug3rmxe4s05
mslug3rmxe4s06
mslug3rmxe5s01
mslug3rmxe5s02
mslug3rmxe5s03
mslug3rmxe5s04
mslug3rmxe5s05
mslug3rmxe6s01
mslug3rmxe6s02
mslug3rmxe6s03
mslug3rmxe6s04
mslug3rmxe7s01
mslug3rmxe7s02
mslug3rmxe7s03
mslug3rmxe7s04
mslug6hha01
mslug6hhb01
mslug6hhb02
mslug6hhb03
mslug6hhc01
mslug6hhd01
mslug6hhe01
mslug6hhz01
mslug6ta01
mslug6ta02
mslug6ta03
mslug6tb01
mslug6tb02
mslug6tb03
mslug6tc01
mslug6tc02
mslug6tc03
mslug6td01
mslug6td02
mslug6td03
mslug6te01
mslug6te02
mslug6te03
mslug6tf01
mslug6tf02
mslug6tf03
mslug6la01
mslug6la02
mslug6la03
mslug6la04
mslug6la05
mslug6lb01
mslug6lb02
mslug6lb03
mslug6lb04
mslug6lb05
mslug6lc01
mslug6lc02
mslug6lc03
mslug6lc04
mslug6rmxe0s01
mslug6rmxe0s02
mslug6rmxe0s03
mslug6rmxe0s04
mslug6rmxe1s01
mslug6rmxe1s02
mslug6rmxe1s03
mslug6rmxe1s04
mslug6rmxe2s01
mslug6rmxe2s02
mslug6rmxe2s03
mslug6rmxe2s04
mslug6rmxe3s01
mslug6rmxe3s02
mslug6rmxe3s03
mslug6rmxe3s04
mslug6rmxe4s01
mslug6rmxe4s02
mslug6rmxe4s03
mslug6rmxe4s04
mslug6rmxe5s01
mslug6rmxe5s02
mslug6rmxe5s03
mslug6rmxe5s04

@source:mslug4.cpp
mslug4d
mslug4nd
mslug4dd
mslug4hacks01
mslug4hacks02
mslug4hacks03
mslug4hacks04
mslug4hacks05
mslug4hacks06
mslug4hacks07
mslug4hacks08
mslug4hacks09
mslug4hacks10
mslug4hacks11
mslug4hacks12
mslug4hacks13
mslug4hacks14
mslug4hacks15
mslug4hacks16
mslug4hacks17
mslug4hacks18
mslug4hacks19
mslug4hacks20
mslug4hacks21
mslug4hacks22
mslug4hacks23
mslug4hacks24
mslug4hacks25
mslug4hacks26
mslug4hacks27
mslug4hacks28
mslug4hacks29
mslug4hacks30
mslug4hacks31
mslug4hacks32
mslug4hacks33
mslug4hacks34
mslug4hacks35
mslug4hacks36
mslug4hacks37
mslug4zb01
mslug4zb02
mslug4zb03
mslug4zb04
mslug4mk01
mslug4mk02
mslug4mk03
mslug4mk04
mslug4mb01
mslug4mb02
mslug4mb03
mslug4mb04
mslug4erd01
mslug4erd02
mslug4erd03
mslug4lwp01
mslug4lwp02
mslug4rmxe0s01
mslug4rmxe0s02
mslug4rmxe1s01
mslug4rmxe1s02
mslug4rmxe2s01
mslug4rmxe2s02
mslug4rmxe2s03
mslug4rmxe2s04
mslug4rmxe2s05
mslug4rmxe2s06
mslug4rmxe2s07
mslug4rmxe2s08
mslug4rmxe3s01
mslug4rmxe3s02
mslug4rmxe3s03
mslug4rmxe3s04
mslug4rmxe3s05
mslug4rmxe3s06
mslug4rmxe3s07
mslug4rmxe3s08
mslug4rmxe4s01
mslug4rmxe4s02
mslug4rmxe4s03
mslug4rmxe4s04
mslug4rmxe4s05
mslug4rmxe4s06
mslug4rmxe4s07
mslug4rmxe4s08

@source:mslug5.cpp
ms5boot
ms5pcbd
mslug5nd
mslug5d
mslug5d1
mslug5b
ms5plusd
mslug5n
mslug5ba
mslug5n2
mslug5hd
mslug5hacks01
mslug5hacks02
mslug5hacks03
mslug5hacks04
mslug5hacks05
mslug5hacks06
mslug5hacks07
mslug5hacks08
mslug5hacks09
mslug5hacks10
mslug5hacks11
mslug5hacks12
mslug5hacks13
mslug5hacks14
mslug5hacks15
mslug5hacks16
mslug5hacks17
mslug5hacks18
mslug5hacks19
mslug5hacks20
mslug5hacks21
mslug5hacks22
mslug5hacks23
mslug5hacks24
mslug5hacks25
mslug5hacks26
mslug5hacks27
mslug5hacks28
mslug5hacks29
mslug5hacks30
mslug5hacks31
mslug5hacks32
mslug5hacks33
mslug5hacks34
mslug5hacks35
mslug5hacks36
mslug5hacks37
mslug5hacks38
mslug5hacks39
mslug5hacks40
mslug5hacks41
mslug5hacks42
mslug5hacks43
mslug5hacks44
mslug5hacks45
mslug5hacks46
mslug5hacks47
mslug5hacks48
mslug5hacks49
mslug5hacks50
mslug5hacks51
mslug5hacks52
mslug5hacks53
mslug5hacks54
mslug5hacks55
mslug5hacks56
mslug5hacks57
mslug5hacks58
mslug5hacks59
mslug5ese01
mslug5ese02
mslug5erv01
mslug5erv02
mslug5rmxe0s01
mslug5rmxe0s02
mslug5rmxe0s03
mslug5rmxe0s04
mslug5rmxe0s05
mslug5rmxe0s06
mslug5rmxe1s01
mslug5rmxe1s02
mslug5rmxe1s03
mslug5rmxe1s04
mslug5rmxe1s05
mslug5rmxe1s06
mslug5rmxe2s01
mslug5rmxe2s02
mslug5rmxe2s03
mslug5rmxe2s04
mslug5rmxe2s05
mslug5rmxe2s06
mslug5rmxe3s01
mslug5rmxe3s02
mslug5rmxe3s03
mslug5rmxe3s04
mslug5rmxe3s05
mslug5rmxe3s06
mslug5rmxe4s01
mslug5rmxe4s02
mslug5rmxe4s03
mslug5rmxe4s04
mslug5rmxe4s05
mslug5rmxe4s06
mslug5rmxe5s01
mslug5rmxe5s02
mslug5rmxe5s03
mslug5rmxe5s04
mslug5rmxe5s05
mslug5rmxe5s06
mslug5rmxe6s01
mslug5rmxe6s02
mslug5rmxe6s03
mslug5rmxe6s04
mslug5rmxe6s05
mslug5rmxe6s06
mslug5rmxe7s01
mslug5rmxe7s02
mslug5rmxe7s03
mslug5rmxe7s04
mslug5rmxe7s05
mslug5rmxe7s06
mslug5rmxe8s01
mslug5rmxe8s02
mslug5rmxe8s03
mslug5rmxe8s04
mslug5rmxe8s05
mslug5rmxe8s06

@source:mslugx.cpp
mslugxhacks01
mslugxhacks02
mslugxhacks03
mslugxhacks04
mslugxhacks05
mslugxhacks06
mslugxhacks07
mslugxhacks08
mslugxhacks09
mslugxhacks10
mslugxhacks11
mslugxhacks12
mslugxhacks13
mslugxhacks14
mslugxhacks15
mslugxhacks16
mslugxhacks17
mslugxhacks18
mslugxhacks19
mslugxhacks20
mslugxhacks21
mslugxhacks22
mslugxhacks23
mslugxhacks24
mslugxhacks25
mslugxhacks26
mslugxhacks27
mslugxhacks28
mslugxhacks29
mslugxhacks30
mslugxhacks31
mslugxhacks32
mslugxhacks33
mslugxhacks34
mslugxhacks35
mslugxhacks36
mslugxhacks37
mslugxhacks38
mslugxhacks39
mslugxhacks40
mslugxhacks41
mslugxhacks42
mslugxhacks43
mslugxhacks44
mslugxhacks45
mslugxhacks46
mslugxhacks47
mslugxhacks48
mslugxhacks49
mslugxhacks50
mslugxhacks51
mslugxhacks52
mslugxhacks53
mslugxhacks54
mslugxhacks55
mslugxhacks56
mslugxhacks57
mslugxhacks58
mslugxhacks59
mslugxate01
mslugxate02
mslugxate03
mslugxate04
mslugxate05
mslugxate06
mslugxate07
mslugxate08
mslugx2r01
mslugxwog00
mslugxwog01
mslugxwog02
mslugxwog03
mslugxwog04
mslugxwog05
mslugxwog06
mslugxwog07
mslugxese00
mslugxese01
mslugxese02
mslugxmcv00
mslugxmcv01
mslugxmcv02
mslugxmcv03
mslugxmcv04
mslugxmcv05
mslugxlrse00
mslugxlrse01
mslugxlrse02
mslugxlrse03
mslugxlrse04
mslugxlrse05
mslugxlrse06
mslugxlrse07
mslugxesrv00
mslugxesrv01
mslugxesrv02
mslugxesrv03
mslugxesrv04
mslugxesrv05
mslugxesrv06
mslugxesrv07
mslugxehp00
mslugxehp01
mslugxehp02
mslugxehp03
mslugxehp04
mslugxehp05
mslugxehp06
mslugxehp07
mslugxat01
mslugxat02
mslugxat03
mslugxat04
mslugxat05
mslugxat06
mslugxat07
mslugxesp00
mslugxesp01
mslugxesp02
mslugxesp03
mslugxesp04
mslugxesp05
mslugxesp06
mslugxesp07
mslugxhme00
mslugxhme01
mslugxhme02
mslugxhme03
mslugxhme04
mslugxhme05
mslugxhme06
mslugxhme07
mslugxans00
mslugxans01
mslugxans02
mslugxans03
mslugxans04
mslugxans05
mslugxans06
mslugxans07
mslugxrmxe0s01
mslugxrmxe0s02
mslugxrmxe0s03
mslugxrmxe0s04
mslugxrmxe0s05
mslugxrmxe0s06
mslugxrmxe1s01
mslugxrmxe1s02
mslugxrmxe1s03
mslugxrmxe1s04
mslugxrmxe2s01
mslugxrmxe2s02
mslugxrmxe2s03
mslugxrmxe2s04
mslugxrmxe3s01
mslugxrmxe3s02
mslugxrmxe3s03
mslugxrmxe3s04
mslugxrmxe4s01
mslugxrmxe4s02
mslugxrmxe4s03
mslugxrmxe4s04
mslugxrmxe5s01
mslugxrmxe5s02
mslugxrmxe5s03
mslugxrmxe5s04
mslugxrmxe6s01
mslugxrmxe6s02
mslugxrmxe6s03
mslugxrmxe6s04
mslugxrmxe6s05
mslugxrmxe6s06
mslugxrmxe6s07
mslugxrmxe6s08
mslugxrmxe6s09
mslugxrmxe6s10
mslugxrmxe6s11
mslugxrmxe6s12
mslugxrmxe7s01
mslugxrmxe7s02
mslugxrmxe7s03
mslugxrmxe7s04
mslugxrmxe8s01
mslugxrmxe8s02
mslugxrmxe8s03
mslugxrmxe8s04
