// license:BSD-3-Clause
// copyright-holders:Gaston90
/******************************************************************************

    List of all enabled drivers in the system.

******************************************************************************/

@source:neogeo.cpp
// These are the parents of our hacks
neogeo
ms5pcb          // 0268
ms4plus         // bootleg
ms5plus         // bootleg
mslug			// 201
msluge 		    // 201
mslug2			// 241
mslugx			// 250
mslug3			// 256
mslug3h         // 256
mslug3b6        // bootleg
mslug4			// 263
mslug4h			// 263
mslug5			// 268
mslug5h 		// 268

@source:mslug.cpp
msboot
mslugeh
mslugps01
mslugps02
mslugps03
mslugps04
mslugps05
mslugps06
mslugps07
mslugps08
mslugps09
mslugps10
mslugps11
mslugps12
mslugps13
mslugps14
mslugps15
mslugps16
mslugps17
mslugps18
mslugps19
mslugps20
mslughp01
mslugrmpl01
mslugrmpl02
mslugrmpl03
mslugrmpl04
mslugrmhp01
mslugrmhp02
mslugrmhp03
mslugrmhp04

@source:mslug2.cpp
mslug2eh
mslug2eh0
mslug2eh1
mslug2eh2
mslug2eh3
mslug2eh4
mslug2fr
mslug2fro
mslug2sh
mslug2t		// 2015 trap15 - remove slowdowns that plague gameplay
mslug2ps01
mslug2ps02
mslug2ps03
mslug2ps04
mslug2ps05
mslug2ps06
mslug2ps07
mslug2ps08
mslug2ps09
mslug2ps10
mslug2ps11
mslug2ps12
mslug2ps13
mslug2ps14
mslug2ps15
mslug2ps16
mslug2ps17
mslug2ps18
mslug2ps19
mslug2ps20
mslug2ps21
mslug2ps22
mslug2ps23
mslug2ps24
mslug2ps25
mslug2ps26
mslug2ps27
mslug2ps28
mslug2ps29
mslug2ps30
mslug2ps34
mslug2ps35
mslug2ps36
mslug2ps37
mslug2ps38
mslug2ps39
mslug2ps40
mslug2ps41
mslug2ps42
mslug2ps43
mslug2erv01
mslug2erv02
mslug2erv03
mslug2erv04
mslug2erv05
mslug2erv06
mslug2tub01
mslug2tub02
mslug2tub03
mslug2tub04
mslug2tub05
mslug2erss01
mslug2erss02
mslug2erss03
mslug2erss04
mslug2erms01
mslug2erms02
mslug2vqys01
mslug2vqys02
mslug2rmnl01
mslug2rmnl02
mslug2rmnl03
mslug2rmnl04
mslug2rmnl05
mslug2rmnl06
mslug2rmnl07
mslug2rmnl08
mslug2rmnl09
mslug2rmnl10
mslug2rmvh01
mslug2rmvh02
mslug2rmvh03
mslug2rmvh04
mslug2rmvh05
mslug2rmvh06
mslug2rmvh07
mslug2rmvh08
mslug2rmvh09
mslug2rmvh10
mslug2rmhbv01
mslug2rmhbv02
mslug2rmhbhv01
mslug2rmhbhv02

@source:mslug3.cpp
mslug3e02
mslug3e03
mslug3e04
mslug3e05
mslug3e06
mslug3e07
mslug3e08
mslug3e09
mslug3e10
mslug3e11
mslug3e12
mslug3e13
mslug3e14
mslug3e15
mslug3e16
mslug3e17
mslug3e18
mslug3e19
mslug3e20
mslug3e21
mslug3e22
mslg3eha
mslg3ehs
mslg3kho
mslug3kh
mslug3xg
mslug3d
mslug3eb
mslug3fr
mslug3fro
mslug3hev
mslug3nd
mslug3v		/* EEZEZY Violence Edition */
mslug3h01
mslug3h02
mslug3h03
mslug3h04
mslug3h05
mslug3h06
mslug3h07
mslug3h08
mslug3h09
mslug3h10
mslug3h11
mslug3h12
mslug3h13
mslug3h14
mslug3h15
mslug3h16
mslug3h17
mslug3h18
mslug3h19
mslug3h20
mslug3h21
mslug3h22
mslug3h23
mslug3h24
mslug3h25
mslug3h26
mslug3h27
mslug3h28
mslug3h29
mslug3h30
mslug3h31
mslug3h32
mslug3h33
mslug3h34
mslug3h35
mslug3h36
mslug3h37
mslug3h38
mslug3h39
mslug3h40
mslug3h41
mslug3h42
mslug3h43
mslug3h44
mslug3h45
//mslug3h46 //Disabled
mslug3h47
mslug3h48
mslug3h49
mslug3h50
mslug3h51
mslug3h52
mslug3h53
mslug3h54
mslug3h55
mslug3h56
mslug3h57
mslug3h58
mslug3h59
mslug3h60
mslug3h61
mslug3h62
mslug3h63
mslug3h64
mslug3h65
mslug3h66
mslug3h67
mslug3h68
mslug3h69
mslug3h70
mslug3h71
mslug3ern01
//mslug3ern02 //Disabled
mslug3ern03
mslug3ern04
mslug3ern05
mslug3ern06
mslug3ern07
mslug3ern08
mslug3ern09
mslug3ern10
mslug3ern11
mslug3esra01
//mslug3esra02 //Disabled
mslug3esra03
mslug3esra04
mslug3esra05
mslug3esra06
mslug3esra07
mslug3esra08
mslug3esra09
mslug3esra10
mslug3esra11
mslug3esra12
mslug3esrb01
//mslug3esrb02  //Disabled
mslug3esrb03
mslug3esrb04
mslug3esrb05
mslug3esrb06
mslug3esrb07
mslug3esrb08
mslug3esrb09
mslug3esrb10
mslug3esrb11
mslug3esrb12
mslug3esrc01
//mslug3esrc02 //Disabled
mslug3esrc03
mslug3esrc04
mslug3esrc05
mslug3esrc06
mslug3esrc07
mslug3esrc08
mslug3esrc09
mslug3esrc10
mslug3esrc11
mslug3esrc12
mslug3rma01
mslug3rma02
mslug3rma03
mslug3rma04
mslug3rma05
mslug3rma06
mslug3rma07
mslug3rma08
mslug3rma09
mslug3rma10
mslug3rma11
mslug3rma12
mslug3rma13
mslug3rma14
mslug3rma15
mslug3rma16
mslug3rma17
mslug3rma18
mslug3rma19
mslug3rma20
mslug3rmb01
mslug3rmb02
mslug3rmb03
mslug3rmb04
mslug3rmb05
mslug3rmb06
mslug3rmb07
mslug3rmb08
mslug3rmb09
mslug3rmb10
mslug3rmb11
mslug3rmb12
mslug3rmb13
mslug3rmb14
mslug3rmb15
mslug3rmb16
mslug3rmb17
mslug3rmb18
mslug3rmb19
mslug3rmb20
mslug3rmc01
mslug3rmc02
mslug3rmc03
mslug3rmc04
mslug3rmc05
mslug3rmc06
mslug3rmc07
mslug3rmc08
mslug3rmc09
mslug3rmc10
mslug3rmc11
mslug3rmc12
mslug3rmc13
mslug3rmc14
mslug3rmc15
mslug3rmc16
mslug3rmc17
mslug3rmc18
mslug3rmc19
mslug3rmc20
mslug3rmd01
mslug3rmd02
mslug3rmd03
mslug3rmd04
mslug3rmd05
mslug3rmd06
mslug3rmd07
mslug3rmd08
mslug3rmd09
mslug3rmd10
mslug3rmd11
mslug3rmd12
mslug3rmd13
mslug3rmd14
mslug3rmd15
mslug3rmd16
mslug3rmd17
mslug3rmd18
mslug3rmd19
mslug3rmd20
mslug3rme01
mslug3rme02
mslug3rme03
mslug3rme04
mslug3rme05
mslug3rme06
mslug3rme07
mslug3rme08
mslug3rme09
mslug3rme10
mslug3rme11
mslug3rme12
mslug3rme13
mslug3rme14
mslug3rme15
mslug3rme16
mslug3rme17
mslug3rme18
mslug3rme19
mslug3rme20
mslug3rmf01
mslug3rmf02
mslug3rmf03
mslug3rmf04
mslug3rmf05
mslug3rmf06
mslug3rmf07
mslug3rmf08
mslug3rmf09
mslug3rmf10
mslug3rmf11
mslug3rmf12
mslug3rmf13
mslug3rmf14
mslug3rmf15
mslug3rmf16
mslug3rmf17
mslug3rmf18
mslug3rmf19
mslug3rmf20
mslug3rmg01
mslug3rmg02
mslug3rmg03
mslug3rmg04
mslug3rmg05
mslug6h01
mslug6h02
mslug6h03
mslug6h04
mslug6h05
mslug6h06
mslug6h07
mslug6h08
mslug6ha01
mslug6ha02
mslug6ha03
mslug6ha04
mslug6hb01
mslug6hb02
mslug6hb03
mslug6hb04
mslug6hb05
mslug6hb06
mslug6hc01
mslug6hc02
mslug6hc03
mslug6hc04
mslug6hd01
mslug6hd02
mslug6hd03
mslug6hd04
mslug6he01
mslug6he02
mslug6he03
mslug6he04
mslug6hz01
mslug6pa01
mslug6pa02
mslug6pa03
mslug6pb01
mslug6pb02
mslug6pb03
mslug6pb04
mslug6pc01
mslug6pc02
mslug6pc03
mslug6pc04
mslug6pd01
mslug6pd02
mslug6pd03
mslug6pd04
mslug6pe01
mslug6pe02
mslug6pe03
mslug6pe04

@source:mslug4.cpp
mslug4eh2
mslug4eh3
mslug4eh4
mslug4eh5
mslug4eh6
mslug4eh
mslug4kh
mslug4xg
mslug4d
mslug4dh	/* Super D version */
mslug4eho
mslug4fr
mslug4i
mslug4nd
mslug4sp
mslug4hh01
mslug4hh02
mslug4hh03
mslug4hh04
mslug4hh05
mslug4hh06
mslug4hh07
mslug4hh08
mslug4hh09
mslug4hh10
mslug4hh11
mslug4hh12
mslug4hh13
mslug4hh14
mslug4hh15
mslug4hh16
mslug4hh17
mslug4hh18
mslug4hh19
mslug4hh20
mslug4hh21
mslug4hh22
mslug4hh23
mslug4hh24
mslug4hh25
mslug4hh26
mslug4hh27
mslug4hh28
mslug4hh30
mslug4hh31
mslug4hh32
mslug4hh33
mslug4hh34
mslug4hh35
mslug4hh36
mslug4hh37
mslug4hh38
mslug4hh39
mslug4hh40
mslug4hh41
mslug4hh42
mslug4hh43
mslug4hh44
mslug4hh45
mslug4hh46
mslug4hh47
mslug4hh48
mslug4hh49
mslug4hh50
mslug4hh51
mslug4hh52
mslug4hh53
mslug4hh54
mslug4hh55
mslug4hh56
mslug4hh57
mslug4hh58
mslug4hh59
mslug4hh60
mslug4hh61
mslug4hh62
mslug4zb01
mslug4zb02
mslug4zb03
mslug4zb04
mslug4mk01
mslug4mk02
mslug4mk03
mslug4mk04
mslug4mb01
mslug4mb02
mslug4mb03
mslug4mb04
mslug4erd01
mslug4erd02
mslug4erd03
mslug4lwp01
mslug4lwp02
mslug4erms01
mslug4erms02
mslug4hqyvs01
mslug4hqyvs02
mslug4rma01
mslug4rma02
mslug4rma03
mslug4rma04
mslug4rma05
mslug4rma06
mslug4rma07
mslug4rma08
mslug4rma09
mslug4rma10
mslug4rma11
mslug4rma12
mslug4rma13
mslug4rma14
mslug4rma15
mslug4rma16
mslug4rma17
mslug4rma18
mslug4rma19
mslug4rma20
mslug4rma21
mslug4rma22
mslug4rmb01
mslug4rmb02
mslug4rmb03
mslug4rmb04
mslug4rmb05
mslug4rmb06
mslug4rmb07
mslug4rmb08
mslug4rmb09
mslug4rmb10
mslug4rmb11
mslug4rmb12
mslug4rmb13
mslug4rmb14
mslug4rmb15
mslug4rmb16
mslug4rmb17
mslug4rmb18
mslug4rmb19
mslug4rmb20
mslug4rmb21
mslug4rmb22
mslug4rmc01
mslug4rmc02
mslug4rmc03
mslug4rmc04
mslug4rmc05
mslug4rmc06
mslug4rmc07
mslug4rmc08
mslug4rmc09
mslug4rmc10
mslug4rmc11
mslug4rmc12
mslug4rmc13
mslug4rmc14
mslug4rmc15
mslug4rmc16
mslug4rmc17
mslug4rmc18
mslug4rmc19
mslug4rmc20
mslug4rmc21
mslug4rmc22

@source:mslug5.cpp
mslug5b
mslug5d
mslug5d1
mslug5f
mslug5fr
mslug5fr1
//mslug5fu // encrypted p roms; not working(You still can not find the corresponding roms)
mslug5hd
mslug5l9a
mslug5l9b
mslug5lvf
mslug5lvnc
mslug5nd
mslug5w
ms5boot
ms5pcbd
ms5sp
mslug5dh01
mslug5dh02
mslug5dh03
mslug5dh04
mslug5dh05
mslug5dh06
mslug5dh07
mslug5dh08
mslug5dh09
mslug5dh10
mslug5dh11
mslug5dh12
mslug5dh13
mslug5dh14
mslug5dh15
mslug5dh16
mslug5dh17
mslug5dh18
mslug5dh19
mslug5dh20
mslug5dh21
mslug5dh22
mslug5dh23
mslug5dh24
mslug5dh25
mslug5dh26
mslug5dh27
mslug5dh28
mslug5dh29
mslug5dh30
mslug5dh31
mslug5dh32
mslug5dh33
mslug5dh34
//mslug5dh35 // It does not work
mslug5dh36
mslug5dh37
mslug5dh38
mslug5dh39
mslug5dh40
mslug5dh41
mslug5dh42
mslug5dh43
mslug5dh44
mslug5dh45
mslug5dh46
//mslug5dh47 //Disabled
mslug5dh48
//mslug5dh49 //Disabled
mslug5dh50
mslug5dh51
mslug5dh52
mslug5dh53
mslug5dh54
mslug5dh55
mslug5dh56
mslug5dh57
mslug5dh58
mslug5dh59
mslug5dh60
mslug5dh61
mslug5dh62
mslug5dh63
mslug5dh64
mslug5dh65
mslug5dh66
mslug5dh67
mslug5dh68
mslug5dh69
mslug5dh70
mslug5dh71
mslug5dh72
mslug5dh73
mslug5dh74
mslug5dh75
mslug5dh76
mslug5dh77
mslug5dh78
mslug5dh79
mslug5ese01
mslug5ese02
mslug5erv01
mslug5erv02
mslug5rmtnc01
mslug5rmtnc02
mslug5rmtnc03
mslug5rmtnc04
mslug5rmtnc05
mslug5rmtnc06
mslug5rmtnc07
mslug5rmtnc08
mslug5rmtnc09
mslug5rmtnc10
mslug5rmtnc11
mslug5rmtnc12
mslug5rmtnc13
mslug5rmtnc14
mslug5rmtnc15
mslug5rmtnc16
mslug5rmnm01
mslug5rmnm02
mslug5rmnm03
mslug5rmnm04
mslug5rmnm05
mslug5rmnm06
mslug5rmnm07
mslug5rmnm08
mslug5rmnm09
mslug5rmnm10
mslug5rmnm11
mslug5rmnm12
mslug5rmnm13
mslug5rmnm14
mslug5rmnm15
mslug5rmnm16
mslug5res01
mslug5res02
mslug5res03
mslug5res04
mslug5res05
mslug5res06
mslug5res07
mslug5res08
mslug5res09
mslug5res10
mslug5res11
mslug5res12
mslug5res13
mslug5res14
mslug5res15
mslug5res16
mslug5ervs01
mslug5ervs02
mslug5ervs03
mslug5ervs04
mslug5ervs05
mslug5ervs06
mslug5ervs07
mslug5ervs08
mslug5ervs09
mslug5ervs10
mslug5ervs11
mslug5ervs12
mslug5ervs13
mslug5ervs14
mslug5ervs15
mslug5ervs16
mslug5ervr01
mslug5ervr02
mslug5ervr03
mslug5ervr04
mslug5ervr05
mslug5ervr06
mslug5ervr07
mslug5ervr08
mslug5ervr09
mslug5ervr10
mslug5ervr11
mslug5ervr12
mslug5ervr13
mslug5ervr14
mslug5ervr15
mslug5ervr16
mslug5ervn01
mslug5ervn02
mslug5ervn03
mslug5ervn04
mslug5ervn05
mslug5ervn06
mslug5ervn07
mslug5ervn08
mslug5ervn09
mslug5ervn10
mslug5ervn11
mslug5ervn12
mslug5ervn13
mslug5ervn14
mslug5ervn15
mslug5ervn16
mslug5xsn01
mslug5xsn02
mslug5xsn03
mslug5xsn04
mslug5xsn05
mslug5xsn06
mslug5xsn07
mslug5xsn08
mslug5xsn09
mslug5xsn10
mslug5xsn11
mslug5xsn12
mslug5xsn13
mslug5xsn14
mslug5xsn15
mslug5xsn16
mslug5xsm01
mslug5xsm02
mslug5xsm03
mslug5xsm04
mslug5xsm05
mslug5xsm06
mslug5xsm07
mslug5xsm08
mslug5xsm09
mslug5xsm10
mslug5xsm11
mslug5xsm12
mslug5xsm13
mslug5xsm14
mslug5xsm15
mslug5xsm16
mslug5ervx01
mslug5ervx02
mslug5ervx03
mslug5ervx04
mslug5ervx05
mslug5ervx06
mslug5ervx07
mslug5ervx08
mslug5ervx09
mslug5ervx10
mslug5ervx11
mslug5ervx12
mslug5ervx13
mslug5ervx14
mslug5ervx15
mslug5ervx16

@source:mslugx.cpp
mslugxce
mslugxeb
mslugxeh1
mslugxex
mslugxfe
mslugxfr
mslugxfro
mslugxhp
mslugxit
mslugxjdkj
mslugxmfb
mslugxres
mslugxsef
mslugxp
mslugxr
mslugxst
mslugxeh
mslugxsvb
mslugxz01
mslugxz02
mslugxz03
mslugxz04
mslugxz05
mslugxz06
mslugxz07
mslugxz08
mslugxz11
mslugxz12
mslugxz13
mslugxz14
mslugxz15
mslugxz16
mslugxz17
mslugxz18
mslugxz19
mslugxz20
mslugxz21
mslugxz22
mslugxz23
mslugxz24
mslugxz25
mslugxz26
mslugxz27
mslugxz28
mslugxz29
mslugxz30
mslugxz31
mslugxz32
mslugxz33
mslugxz34
mslugxz35
mslugxz36
mslugxz37
mslugxz38
mslugxz39
mslugxz40
mslugxz41
mslugxz42
mslugxz43
mslugxz44
mslugxz45
mslugxz46
mslugxz47
mslugxz48
mslugxz49
mslugxz50
mslugxz51
mslugxz52
mslugxz53
mslugxz54
mslugxz55
mslugxz56
mslugxz57
mslugxz58
mslugxz59
mslugxz60
mslugxz61
mslugxz62
mslugxz63
mslugxz64
mslugxz65
mslugxz66
mslugxz67
mslugxz68
mslugxz69
mslugxz70
mslugxz71
mslugxz72
mslugxate01
mslugxate02
mslugxate03
mslugxate04
mslugxate05
mslugxate06
mslugxate07
mslugxate08
mslugx2r01
mslugxwog00
mslugxwog01
mslugxwog02
mslugxwog03
mslugxwog04
mslugxwog05
mslugxwog06
mslugxwog07
mslugxese00
mslugxese01
mslugxese02
mslugxmcv00
mslugxmcv01
mslugxmcv02
mslugxmcv03
mslugxmcv04
mslugxmcv05
mslugxlrse00
mslugxlrse01
mslugxlrse02
mslugxlrse03
mslugxlrse04
mslugxlrse05
mslugxlrse06
mslugxlrse07
mslugxesrv00
mslugxesrv01
mslugxesrv02
mslugxesrv03
mslugxesrv04
mslugxesrv05
mslugxesrv06
mslugxesrv07
mslugxehp00
mslugxehp01
mslugxehp02
mslugxehp03
mslugxehp04
mslugxehp05
mslugxehp06
mslugxehp07
mslugxat01
mslugxat02
mslugxat03
mslugxat04
mslugxat06
mslugxat07
mslugxesp00
mslugxesp01
mslugxesp02
mslugxesp03
mslugxesp04
mslugxesp05
mslugxesp06
mslugxesp07
mslugxhme00
mslugxhme01
mslugxhme02
mslugxhme03
mslugxhme04
mslugxhme05
mslugxhme06
mslugxhme07
mslugxans00
mslugxans01
mslugxans02
mslugxans03
mslugxans04
mslugxans05
mslugxans06
mslugxans07
mslugxmrhbs01
mslugxmrhbs02
mslugxmrhbs03
mslugxmrhbs04
mslugxmrhbs05
mslugxmrhbs06
mslugxrm0s01
mslugxrm0s02
mslugxrm0s03
mslugxrm0s04
mslugxrm0s05
mslugxrm0s06
mslugxrm0s07
mslugxrm0s08
mslugxrm0s09
mslugxrm0s10
mslugxrm0s11
mslugxrm0s12
mslugxrm0s13
mslugxrm0s14
mslugxrm1s01
mslugxrm1s02
mslugxrm1s03
mslugxrm1s04
mslugxrm1s05
mslugxrm1s06
mslugxrm1s07
mslugxrm1s08
mslugxrm1s09
mslugxrm1s10
mslugxrm1s11
mslugxrm1s12
mslugxrm1s13
mslugxrm1s14
mslugxrm2s01
mslugxrm2s02
mslugxrm2s03
mslugxrm2s04
mslugxrm2s05
mslugxrm2s06
mslugxrm2s07
mslugxrm2s08
mslugxrm2s09
mslugxrm2s10
mslugxrm2s11
mslugxrm2s12
mslugxrm2s13
mslugxrm2s14
mslugxrm3s01
mslugxrm3s02
mslugxrm3s03
mslugxrm3s04
mslugxrm3s05
mslugxrm3s06
mslugxrm3s07
mslugxrm3s08
mslugxrm3s09
mslugxrm3s10
mslugxrm3s11
mslugxrm3s12
mslugxrm3s13
mslugxrm3s14
mslugxrm4s01
mslugxrm4s02
mslugxrm4s03
mslugxrm4s04
mslugxrm4s05
mslugxrm4s06
mslugxrm4s07
mslugxrm4s08
mslugxrm4s09
mslugxrm4s10
mslugxrm4s11
mslugxrm4s12
mslugxrm4s13
mslugxrm4s14
mslugxrm5s01
mslugxrm5s02
mslugxrm5s03
mslugxrm5s04
mslugxrm5s05
mslugxrm5s06
mslugxrm5s07
mslugxrm5s08
mslugxrm5s09
mslugxrm5s10
mslugxrm5s11
mslugxrm5s12
mslugxrmmpv01
mslugxrmmpv02
mslugxrmmpv03
mslugxrmmpv04
mslugxrmmpv05
mslugxrmmpv06
mslugxrmmpv07
mslugxrmmpv08
mslugxrmmpv09
mslugxrmmpv10
mslugxrmmpv11
mslugxrmmpv12
mslugxrmmpv13
mslugxrmmpv14
mslugxece01
mslugxece02
mslugxece03
mslugxece04
mslugxece05
mslugxece06
mslugxece07
mslugxece08
mslugxece09
mslugxece10
mslugxece11
mslugxece12
mslugxece13
mslugxece14
